C51 COMPILER V9.03   OS                                                                    03/31/2012 17:05:13 PAGE 1   


C51 COMPILER V9.03, COMPILATION OF MODULE OS
OBJECT MODULE PLACED IN OS.OBJ
COMPILER INVOKED BY: C:\Keil\C51\BIN\C51.EXE OS.c LARGE BROWSE DEBUG OBJECTEXTEND

line level    source

   1          #define OS_GLOBALS
   2          #include <includes.H>
   3          void OSSemPend(INT8U *p,INT16U timeOut,INT8U *err)  //等待一个信号量
   4          {
   5   1              cntSemPend=0;
   6   1              while(*p==0)
   7   1              {
   8   2                      WDG_CONTR=0x3d;  //喂狗 1.13s;
   9   2                      if(cntSemPend>=(timeOut/5))
  10   2                      {
  11   3                              *err=OS_ERR;
  12   3                              return;
  13   3                      }
  14   2              }
  15   1              *p=0;
  16   1              *err=OS_NO_ERR;
  17   1      }
  18          //void OSSemPost(INT8U *p)        //发出一个信号量
  19          //{
  20          //      *p=1;
  21          //}
  22          


MODULE INFORMATION:   STATIC OVERLAYABLE
   CODE SIZE        =    118    ----
   CONSTANT SIZE    =   ----    ----
   XDATA SIZE       =      2       8
   PDATA SIZE       =   ----    ----
   DATA SIZE        =   ----    ----
   IDATA SIZE       =   ----    ----
   BIT SIZE         =   ----    ----
END OF MODULE INFORMATION.


C51 COMPILATION COMPLETE.  0 WARNING(S),  0 ERROR(S)
